// Jest Snapshot v1, https://goo.gl/fbAQLP

exports[`API contract (e2e) matches the committed route snapshot 1`] = `
[
  "DELETE /v1/admin/auth/sessions/{id}",
  "DELETE /v1/admin/education/{id}",
  "DELETE /v1/admin/experience/{id}",
  "DELETE /v1/admin/media/{id}",
  "DELETE /v1/admin/pages/{id}",
  "DELETE /v1/admin/posts/{id}",
  "DELETE /v1/admin/posts/{id}/translations/{locale}",
  "DELETE /v1/admin/profile/resume/{locale}",
  "DELETE /v1/admin/projects/{id}",
  "DELETE /v1/admin/projects/{id}/translations/{locale}",
  "DELETE /v1/admin/skills/{id}",
  "DELETE /v1/admin/tags/{id}",
  "GET    /v1/admin/audit",
  "GET    /v1/admin/auth/me",
  "GET    /v1/admin/auth/pending",
  "GET    /v1/admin/auth/sessions",
  "GET    /v1/admin/education",
  "GET    /v1/admin/experience",
  "GET    /v1/admin/media",
  "GET    /v1/admin/media/{id}",
  "GET    /v1/admin/media/{id}/usage",
  "GET    /v1/admin/pages",
  "GET    /v1/admin/pages/{id}",
  "GET    /v1/admin/posts",
  "GET    /v1/admin/posts/{id}",
  "GET    /v1/admin/profile",
  "GET    /v1/admin/projects",
  "GET    /v1/admin/projects/{id}",
  "GET    /v1/admin/skills",
  "GET    /v1/admin/stats",
  "GET    /v1/admin/tags",
  "GET    /v1/admin/translations/report",
  "GET    /v1/education",
  "GET    /v1/experience",
  "GET    /v1/health",
  "GET    /v1/media/{id}/{variant}",
  "GET    /v1/pages/{slug}",
  "GET    /v1/posts",
  "GET    /v1/posts/{slug}",
  "GET    /v1/preview/pages/{id}",
  "GET    /v1/preview/posts/{id}",
  "GET    /v1/preview/projects/{id}",
  "GET    /v1/profile",
  "GET    /v1/projects",
  "GET    /v1/projects/{slug}",
  "GET    /v1/skills",
  "GET    /v1/tags",
  "PATCH  /v1/admin/education/{id}",
  "PATCH  /v1/admin/experience/{id}",
  "PATCH  /v1/admin/posts/{id}",
  "PATCH  /v1/admin/profile",
  "PATCH  /v1/admin/projects/{id}",
  "PATCH  /v1/admin/skills/{id}",
  "POST   /v1/admin/auth/login",
  "POST   /v1/admin/auth/logout",
  "POST   /v1/admin/auth/logout-all",
  "POST   /v1/admin/auth/refresh",
  "POST   /v1/admin/auth/totp/enable",
  "POST   /v1/admin/auth/totp/setup",
  "POST   /v1/admin/auth/totp/verify",
  "POST   /v1/admin/education",
  "POST   /v1/admin/education/{id}/publish",
  "POST   /v1/admin/education/{id}/unpublish",
  "POST   /v1/admin/experience",
  "POST   /v1/admin/experience/{id}/publish",
  "POST   /v1/admin/experience/{id}/unpublish",
  "POST   /v1/admin/media/presign",
  "POST   /v1/admin/media/{id}/finalize",
  "POST   /v1/admin/pages",
  "POST   /v1/admin/pages/{id}/publish",
  "POST   /v1/admin/pages/{id}/unpublish",
  "POST   /v1/admin/posts",
  "POST   /v1/admin/posts/{id}/archive",
  "POST   /v1/admin/posts/{id}/publish",
  "POST   /v1/admin/posts/{id}/schedule",
  "POST   /v1/admin/posts/{id}/unpublish",
  "POST   /v1/admin/projects",
  "POST   /v1/admin/projects/{id}/archive",
  "POST   /v1/admin/projects/{id}/publish",
  "POST   /v1/admin/projects/{id}/unpublish",
  "POST   /v1/admin/revalidate/all",
  "POST   /v1/admin/skills",
  "POST   /v1/admin/tags",
  "PUT    /v1/admin/education/order",
  "PUT    /v1/admin/education/{id}/translations/{locale}",
  "PUT    /v1/admin/experience/order",
  "PUT    /v1/admin/experience/{id}/translations/{locale}",
  "PUT    /v1/admin/media/{id}/translations/{locale}",
  "PUT    /v1/admin/pages/{id}/translations/{locale}",
  "PUT    /v1/admin/posts/{id}/translations/{locale}",
  "PUT    /v1/admin/profile/resume/{locale}",
  "PUT    /v1/admin/profile/translations/{locale}",
  "PUT    /v1/admin/projects/order",
  "PUT    /v1/admin/projects/{id}/translations/{locale}",
  "PUT    /v1/admin/skills/order",
  "PUT    /v1/admin/tags/{id}/translations/{locale}",
]
`;
